<html>
<body>
<pre>
<h1>礦ision Build Log</h1>
<h2>Tool Versions:</h2>
IDE-Version: μVision V5.37.0.0
Copyright (C) 2022 ARM Ltd and ARM Germany GmbH. All rights reserved.
License Information: Hormone Leo, 微软中国, LIC=KRMW3-ALIWM-DY4V3-AWXET-E8BHT-I6F38
 
Tool Versions:
Toolchain:       MDK-ARM Plus  Version: 5.37.0.0
Toolchain Path:  C:\LenovoSoftstore\Install\STM32\MDK5\Keil_v5\ARM\ARMCC\Bin
C Compiler:      Armcc.exe V5.06 update 7 (build 960)
Assembler:       Armasm.exe V5.06 update 7 (build 960)
Linker/Locator:  ArmLink.exe V5.06 update 7 (build 960)
Library Manager: ArmAr.exe V5.06 update 7 (build 960)
Hex Converter:   FromElf.exe V5.06 update 7 (build 960)
CPU DLL:         SARMCM3.DLL V5.37.0.0
Dialog DLL:      DCM.DLL V1.17.5.0
Target DLL:      STLink\ST-LINKIII-KEIL_SWO.dll V3.0.9.0
Dialog DLL:      TCM.DLL V1.56.1.0
 
<h2>Project:</h2>
C:\LenovoSoftstore\Install\STM32\MDK5\STM32F103C8T6\Work_Place\步进电机驱动\Project.uvprojx
Project File Date:  09/15/2023

<h2>Output:</h2>
*** Using Compiler 'V5.06 update 7 (build 960)', folder: 'C:\LenovoSoftstore\Install\STM32\MDK5\Keil_v5\ARM\ARMCC\Bin'
Build target 'Target 1'
compiling main.c...
.\HARDWARE\Step.h(30): warning:  #1-D: last line of file ends without a newline
  #endif
USER\main.c: 1 warning, 0 errors
compiling Step.c...
HARDWARE\Step.h(30): warning:  #1-D: last line of file ends without a newline
  #endif
HARDWARE\Step.c(64): warning:  #1-D: last line of file ends without a newline
  }
HARDWARE\Step.c: 2 warnings, 0 errors
linking...
Program Size: Code=3168 RO-data=1788 RW-data=24 ZI-data=1632  
".\Objects\Project.axf" - 0 Error(s), 3 Warning(s).

<h2>Software Packages used:</h2>

Package Vendor: Keil
                https://www.keil.com/pack/Keil.STM32F1xx_DFP.2.4.1.pack
                Keil.STM32F1xx_DFP.2.4.1
                STMicroelectronics STM32F1 Series Device Support, Drivers and Examples

<h2>Collection of Component include folders:</h2>
  C:/LenovoSoftstore/Install/STM32/MDK5/Keil_v5/ARM/PACK/Keil/STM32F1xx_DFP/2.4.1/Device/Include

<h2>Collection of Component Files used:</h2>
Build Time Elapsed:  00:00:00
</pre>
</body>
</html>
